geometry_only 1393 0.94533
point_rules 5917 3.868152
rules_c0_s0_naive 25994 17.632085
rules_c0_s0_height_aware 3975 2.695029
rules_c0_s1_naive 24788 16.80601
rules_c0_s1_height_aware 3204 2.15975
rules_c1_s0_naive 25994 17.632085
rules_c1_s0_height_aware 3975 2.695029
rules_c1_s1_naive 24788 16.80601
rules_c1_s1_height_aware 3204 2.15975
sam3_c0_s0_naive 27007 18.217141
sam3_c0_s0_height_aware 5011 3.299293
sam3_c0_s1_naive 26465 17.849684
sam3_c0_s1_height_aware 4671 3.06532
sam3_c1_s0_naive 28691 19.359951
sam3_c1_s0_height_aware 6632 4.39935
sam3_c1_s1_naive 27079 18.263932
sam3_c1_s1_height_aware 5215 3.432784
tree_height 5221 3.436316
physical_smoothing 6245 4.145359
both 6245 4.145359
transfer_band_1.5 5095 3.362146
transfer_band_6 5286 3.474579
majority_1 6632 4.39935
majority_3 6400 4.238669
majority_9 3726 2.473414
bbox_0.5 53101 35.911779
bbox_1 5215 3.432784
